BL51 BANKED LINKER/LOCATER V6.22                                                        08/16/2018  10:15:26  PAGE 1


BL51 BANKED LINKER/LOCATER V6.22, INVOKED BY:
C:\KEIL_V5\C51\BIN\BL51.EXE test1.obj TO test RAMSIZE (256)


INPUT MODULES INCLUDED:
  test1.obj (TEST1)


LINK MAP OF MODULE:  test (TEST1)


            TYPE    BASE      LENGTH    RELOCATION   SEGMENT NAME
            -----------------------------------------------------

            * * * * * * *   D A T A   M E M O R Y   * * * * * * *
            REG     0000H     0008H     ABSOLUTE     "REG BANK 0"

            * * * * * * *   C O D E   M E M O R Y   * * * * * * *
            CODE    0000H     0026H     ABSOLUTE     



SYMBOL TABLE OF MODULE:  test (TEST1)

  VALUE           TYPE          NAME
  ----------------------------------

  -------         MODULE        TEST1
  C:0019H         SYMBOL        CMP
  C:0017H         SYMBOL        CONT
  C:001FH         SYMBOL        CONT1
  C:0007H         SYMBOL        LOOP
  C:0013H         SYMBOL        LOOP1
  C:0021H         SYMBOL        NUMS
  N:0010H         SYMBOL        RESULT
  N:0020H         SYMBOL        SEARCH
  N:0050H         SYMBOL        STORE
  C:0000H         LINE#         5
  C:0003H         LINE#         6
  C:0005H         LINE#         7
  C:0007H         LINE#         10
  C:0009H         LINE#         11
  C:000AH         LINE#         12
  C:000BH         LINE#         13
  C:000CH         LINE#         14
  C:000DH         LINE#         15
  C:000FH         LINE#         17
  C:0011H         LINE#         18
  C:0013H         LINE#         20
  C:0014H         LINE#         21
  C:0015H         LINE#         22
  C:0017H         LINE#         23
  C:0019H         LINE#         25
  C:001CH         LINE#         26
  C:001FH         LINE#         27
  -------         ENDMOD        TEST1

******************************************************************************
BL51 BANKED LINKER/LOCATER V6.22                                                      08/16/2018  10:15:26  PAGE 2


* RESTRICTED VERSION WITH 0800H BYTE CODE SIZE LIMIT; USED: 0026H BYTE ( 1%) *
******************************************************************************

Program Size: data=8.0 xdata=0 code=38
LINK/LOCATE RUN COMPLETE.  0 WARNING(S),  0 ERROR(S)
